<?xml version="1.0" encoding="utf-8"?><testsuites name="pytest tests"><testsuite name="pytest" errors="0" failures="5" skipped="15" tests="80" time="5.145" timestamp="2025-08-30T00:49:10.352749+08:00" hostname="DESKTOP-2TFJUEA"><testcase classname="tests.unit.models.test_predictor_simple.TestPredictorSimple" name="test_create_feature_vector" time="0.006" /><testcase classname="tests.unit.trainer.test_fit_xgb_simple.TestXGBoostTrainerSimple" name="test_save_model_and_metrics" time="0.004" /><testcase classname="tests.unit.data_pipeline.test_sources_simple.TestOddsFetcher" name="test_odds_data_validation" time="0.001" /><testcase classname="tests.unit.data_pipeline.test_feature_engineer_simple.TestFeatureEngineerSimple" name="test_aggregate_odds_single_bookmaker" time="0.007" /><testcase classname="tests.unit.data_pipeline.test_sources_simple.TestFootballAPI" name="test_import_football_api" time="0.002" /><testcase classname="tests.unit.data_pipeline.test_sources_simple.TestFootballAPI" name="test_football_api_async_functionality" time="0.000" /><testcase classname="tests.unit.data_pipeline.test_sources_simple.TestFootballAPI" name="test_api_error_handling" time="0.001" /><testcase classname="tests.unit.models.test_predictor_simple.TestPredictorSimple" name="test_predictor_missing_data_error" time="0.029" /><testcase classname="tests.unit.trainer.test_fit_xgb_simple.TestXGBoostTrainerSimple" name="test_train_xgboost_model_custom_config" time="1.506" /><testcase classname="tests.unit.data_pipeline.test_feature_engineer_simple.TestFeatureEngineerSimple" name="test_calculate_implied_probabilities" time="0.003" /><testcase classname="tests.unit.data_pipeline.test_feature_engineer_simple.TestFeatureEngineerSimple" name="test_calculate_implied_probabilities_edge_cases" time="0.003" /><testcase classname="tests.unit.trainer.test_fit_xgb_simple.TestXGBoostTrainerSimple" name="test_evaluate_model" time="0.031" /><testcase classname="tests.unit.data_pipeline.test_sources_simple.TestIngestMatches" name="test_import_ingest_matches" time="0.003" /><testcase classname="tests.unit.data_pipeline.test_sources_simple.TestIngestMatches" name="test_database_connection_logic" time="0.014" /><testcase classname="tests.unit.data_pipeline.test_sources_simple.TestIngestMatches" name="test_match_data_validation" time="0.000" /><testcase classname="tests.unit.data_pipeline.test_sources_simple.TestIngestOdds" name="test_import_ingest_odds" time="0.125" /><testcase classname="tests.unit.models.test_predictor_simple.TestPredictorSimple" name="test_predictor_with_stub_model" time="0.003" /><testcase classname="tests.unit.models.test_predictor_simple.TestPredictorSimple" name="test_stub_model_predict" time="0.002" /><testcase classname="tests.unit.data_pipeline.test_feature_engineer_simple.TestFeatureEngineerSimple" name="test_aggregate_odds" time="0.009" /><testcase classname="tests.unit.trainer.test_fit_xgb_simple.TestXGBoostTrainerSimple" name="test_evaluate_model_feature_importance" time="0.036" /><testcase classname="tests.unit.models.test_registry_simple.TestModelRegistry" name="test_model_registry_with_temp_directory" time="0.004"><failure message="TypeError: ModelRegistry.__init__() got an unexpected keyword argument 'base_path'">tests/unit/models/test_registry_simple.py:53: in test_model_registry_with_temp_directory
    registry = ModelRegistry(base_path=temp_dir)
               ^^^^^^^^^^^^^^^^^^^^^^^^^^^^^^^^^
E   TypeError: ModelRegistry.__init__() got an unexpected keyword argument 'base_path'</failure></testcase><testcase classname="tests.unit.data_pipeline.test_sources_simple.TestDataPipelineIntegration" name="test_data_flow_structure" time="0.001" /><testcase classname="tests.unit.data_pipeline.test_sources_simple.TestDataPipelineIntegration" name="test_error_recovery_mechanisms" time="0.001" /><testcase classname="tests.unit.models.test_registry_simple.TestModelRegistry" name="test_import_model_registry" time="0.003" /><testcase classname="tests.unit.models.test_registry_simple.TestModelRegistry" name="test_model_registry_initialization" time="0.003"><failure message="TypeError: ModelRegistry.__init__() got an unexpected keyword argument 'base_path'">tests/unit/models/test_registry_simple.py:36: in test_model_registry_initialization
    registry = ModelRegistry(base_path="test/models")
               ^^^^^^^^^^^^^^^^^^^^^^^^^^^^^^^^^^^^^^
E   TypeError: ModelRegistry.__init__() got an unexpected keyword argument 'base_path'</failure></testcase><testcase classname="tests.unit.data_pipeline.test_sources_simple.TestIngestOdds" name="test_odds_data_processing" time="0.001" /><testcase classname="tests.unit.data_pipeline.test_sources_simple.TestIngestOdds" name="test_bookmaker_aggregation_logic" time="0.001" /><testcase classname="tests.unit.models.test_registry_simple.TestModelMetrics" name="test_model_benchmarking" time="0.001" /><testcase classname="tests.unit.models.test_registry_simple.TestModelRegistry" name="test_model_metadata_loading" time="0.002" /><testcase classname="tests.unit.models.test_registry_simple.TestModelMetrics" name="test_model_deployment_readiness" time="0.001" /><testcase classname="tests.unit.apps.backtest.test_engine_simple.TestBacktestEngine" name="test_import_backtest_engine" time="0.002" /><testcase classname="tests.unit.models.test_registry_simple.TestModelRegistry" name="test_model_version_handling" time="0.001" /><testcase classname="tests.unit.apps.backtest.test_engine_simple.TestBacktestEngine" name="test_backtest_engine_initialization" time="0.001"><skipped type="pytest.skip" message="BacktestEngine not available or different signature">/home/user/projects/football-predict-system/tests/unit/apps/backtest/test_engine_simple.py:45: BacktestEngine not available or different signature</skipped></testcase><testcase classname="tests.unit.models.test_registry_simple.TestModelRegistry" name="test_model_saving_logic" time="0.002" /><testcase classname="tests.unit.apps.backtest.test_engine_simple.TestBacktestEngine" name="test_risk_metrics_calculation" time="0.001" /><testcase classname="tests.unit.apps.backtest.test_engine_simple.TestBacktestStrategy" name="test_confidence_based_strategy" time="0.001" /><testcase classname="tests.unit.apps.backtest.test_engine_simple.TestBacktestStrategy" name="test_value_betting_strategy" time="0.000" /><testcase classname="tests.unit.apps.backtest.test_engine_simple.TestBacktestStrategy" name="test_bankroll_management" time="0.001" /><testcase classname="tests.unit.apps.backtest.test_engine_simple.TestBacktestStrategy" name="test_stop_loss_mechanism" time="0.001" /><testcase classname="tests.unit.apps.backtest.test_engine_simple.TestBacktestEngine" name="test_historical_data_processing" time="0.003" /><testcase classname="tests.unit.apps.backtest.test_engine_simple.TestBacktestReporting" name="test_performance_summary_generation" time="0.000" /><testcase classname="tests.unit.apps.backtest.test_engine_simple.TestBacktestReporting" name="test_monthly_breakdown_analysis" time="0.000" /><testcase classname="tests.unit.apps.backtest.test_engine_simple.TestBacktestReporting" name="test_risk_adjusted_metrics" time="0.001" /><testcase classname="tests.unit.apps.api.test_routers_comprehensive.TestHealthRouter" name="test_health_router_import" time="0.208"><skipped type="pytest.skip" message="Health router not available">/home/user/projects/football-predict-system/tests/unit/apps/api/test_routers_comprehensive.py:20: Health router not available</skipped></testcase><testcase classname="tests.unit.apps.backtest.test_engine_simple.TestBacktestEngine" name="test_prediction_accuracy_calculation" time="0.001"><failure message="assert 0.7 == 0.6">tests/unit/apps/backtest/test_engine_simple.py:84: in test_prediction_accuracy_calculation
    assert accuracy == expected_accuracy
E   assert 0.7 == 0.6</failure></testcase><testcase classname="tests.unit.models.test_registry_simple.TestModelVersioning" name="test_version_comparison_logic" time="0.001" /><testcase classname="tests.unit.models.test_registry_simple.TestModelVersioning" name="test_model_compatibility_check" time="0.000" /><testcase classname="tests.unit.models.test_registry_simple.TestModelVersioning" name="test_model_migration_logic" time="0.000" /><testcase classname="tests.unit.models.test_registry_simple.TestModelMetrics" name="test_model_performance_tracking" time="0.000" /><testcase classname="tests.unit.apps.api.test_routers_comprehensive.TestHealthRouter" name="test_health_endpoint_db_failure" time="0.219"><failure message="AttributeError: module 'apps.api.routers' has no attribute 'health'">../../.pyenv/versions/3.11.9/lib/python3.11/unittest/mock.py:1375: in patched
    with self.decoration_helper(patched,
../../.pyenv/versions/3.11.9/lib/python3.11/contextlib.py:137: in __enter__
    return next(self.gen)
           ^^^^^^^^^^^^^^
../../.pyenv/versions/3.11.9/lib/python3.11/unittest/mock.py:1357: in decoration_helper
    arg = exit_stack.enter_context(patching)
          ^^^^^^^^^^^^^^^^^^^^^^^^^^^^^^^^^^
../../.pyenv/versions/3.11.9/lib/python3.11/contextlib.py:517: in enter_context
    result = _enter(cm)
             ^^^^^^^^^^
../../.pyenv/versions/3.11.9/lib/python3.11/unittest/mock.py:1430: in __enter__
    self.target = self.getter()
                  ^^^^^^^^^^^^^
../../.pyenv/versions/3.11.9/lib/python3.11/pkgutil.py:715: in resolve_name
    result = getattr(result, p)
             ^^^^^^^^^^^^^^^^^^
E   AttributeError: module 'apps.api.routers' has no attribute 'health'</failure></testcase><testcase classname="tests.unit.apps.backtest.test_engine_simple.TestBacktestEngine" name="test_roi_calculation" time="0.001" /><testcase classname="tests.unit.apps.api.test_routers_comprehensive.TestPredictionsRouter" name="test_single_prediction_endpoint" time="0.020" /><testcase classname="tests.unit.apps.api.test_routers_comprehensive.TestPredictionsRouter" name="test_batch_prediction_data_validation" time="0.001" /><testcase classname="tests.unit.apps.api.test_routers_comprehensive.TestPredictionsRouter" name="test_prediction_error_handling" time="0.018" /><testcase classname="tests.unit.apps.api.test_routers_comprehensive.TestMetricsRouter" name="test_metrics_router_import" time="0.032" /><testcase classname="tests.unit.apps.api.test_routers_comprehensive.TestMetricsRouter" name="test_metrics_endpoint" time="0.020" /><testcase classname="tests.unit.apps.api.test_routers_comprehensive.TestMetricsRouter" name="test_custom_metrics_collection" time="0.001" /><testcase classname="tests.unit.apps.api.test_routers_comprehensive.TestMetricsRouter" name="test_system_metrics_collection" time="0.001" /><testcase classname="tests.unit.apps.api.test_routers_comprehensive.TestAPIMiddleware" name="test_cors_middleware_functionality" time="0.018" /><testcase classname="tests.unit.apps.api.test_routers_comprehensive.TestHealthRouter" name="test_health_endpoint_success" time="0.003"><failure message="AttributeError: module 'apps.api.routers' has no attribute 'health'">../../.pyenv/versions/3.11.9/lib/python3.11/unittest/mock.py:1375: in patched
    with self.decoration_helper(patched,
../../.pyenv/versions/3.11.9/lib/python3.11/contextlib.py:137: in __enter__
    return next(self.gen)
           ^^^^^^^^^^^^^^
../../.pyenv/versions/3.11.9/lib/python3.11/unittest/mock.py:1357: in decoration_helper
    arg = exit_stack.enter_context(patching)
          ^^^^^^^^^^^^^^^^^^^^^^^^^^^^^^^^^^
../../.pyenv/versions/3.11.9/lib/python3.11/contextlib.py:517: in enter_context
    result = _enter(cm)
             ^^^^^^^^^^
../../.pyenv/versions/3.11.9/lib/python3.11/unittest/mock.py:1430: in __enter__
    self.target = self.getter()
                  ^^^^^^^^^^^^^
../../.pyenv/versions/3.11.9/lib/python3.11/pkgutil.py:715: in resolve_name
    result = getattr(result, p)
             ^^^^^^^^^^^^^^^^^^
E   AttributeError: module 'apps.api.routers' has no attribute 'health'</failure></testcase><testcase classname="tests.unit.apps.api.test_routers_comprehensive.TestAPIMiddleware" name="test_error_handling_middleware" time="0.016" /><testcase classname="tests.unit.apps.api.test_routers_comprehensive.TestAPIDocumentation" name="test_openapi_schema_generation" time="0.002" /><testcase classname="tests.unit.apps.api.test_routers_comprehensive.TestAPIDocumentation" name="test_api_documentation_endpoints" time="0.014" /><testcase classname="tests.unit.apps.api.test_routers_comprehensive.TestAPIDocumentation" name="test_api_tags_and_metadata" time="0.001" /><testcase classname="tests.integration.test_api_routes_simple.TestAPIRoutes" name="test_root_endpoint" time="0.000"><skipped type="pytest.skip" message="Integration tests disabled, set ENABLE_DB_TESTS=1 to enable">/home/user/projects/football-predict-system/tests/integration/test_api_routes_simple.py:64: Integration tests disabled, set ENABLE_DB_TESTS=1 to enable</skipped></testcase><testcase classname="tests.integration.test_api_routes_simple.TestAPIRoutes" name="test_version_endpoint" time="0.000"><skipped type="pytest.skip" message="Integration tests disabled, set ENABLE_DB_TESTS=1 to enable">/home/user/projects/football-predict-system/tests/integration/test_api_routes_simple.py:72: Integration tests disabled, set ENABLE_DB_TESTS=1 to enable</skipped></testcase><testcase classname="tests.integration.test_api_routes_simple.TestAPIRoutes" name="test_livez_endpoint" time="0.000"><skipped type="pytest.skip" message="Integration tests disabled, set ENABLE_DB_TESTS=1 to enable">/home/user/projects/football-predict-system/tests/integration/test_api_routes_simple.py:88: Integration tests disabled, set ENABLE_DB_TESTS=1 to enable</skipped></testcase><testcase classname="tests.integration.test_api_routes_simple.TestAPIRoutes" name="test_readyz_endpoint" time="0.000"><skipped type="pytest.skip" message="Integration tests disabled, set ENABLE_DB_TESTS=1 to enable">/home/user/projects/football-predict-system/tests/integration/test_api_routes_simple.py:96: Integration tests disabled, set ENABLE_DB_TESTS=1 to enable</skipped></testcase><testcase classname="tests.integration.test_api_routes_simple.TestAPIRoutes" name="test_health_endpoint" time="0.000"><skipped type="pytest.skip" message="Integration tests disabled, set ENABLE_DB_TESTS=1 to enable">/home/user/projects/football-predict-system/tests/integration/test_api_routes_simple.py:104: Integration tests disabled, set ENABLE_DB_TESTS=1 to enable</skipped></testcase><testcase classname="tests.integration.test_api_routes_simple.TestAPIRoutes" name="test_invalid_endpoint" time="0.000"><skipped type="pytest.skip" message="Integration tests disabled, set ENABLE_DB_TESTS=1 to enable">/home/user/projects/football-predict-system/tests/integration/test_api_routes_simple.py:115: Integration tests disabled, set ENABLE_DB_TESTS=1 to enable</skipped></testcase><testcase classname="tests.integration.test_api_routes_simple.TestAPIRoutes" name="test_api_cors_headers" time="0.000"><skipped type="pytest.skip" message="Integration tests disabled, set ENABLE_DB_TESTS=1 to enable">/home/user/projects/football-predict-system/tests/integration/test_api_routes_simple.py:121: Integration tests disabled, set ENABLE_DB_TESTS=1 to enable</skipped></testcase><testcase classname="tests.integration.test_api_routes_simple.TestAPIRoutes" name="test_predictions_route_structure" time="0.000"><skipped type="pytest.skip" message="Integration tests disabled, set ENABLE_DB_TESTS=1 to enable">/home/user/projects/football-predict-system/tests/integration/test_api_routes_simple.py:131: Integration tests disabled, set ENABLE_DB_TESTS=1 to enable</skipped></testcase><testcase classname="tests.integration.test_api_routes_simple.TestAPIErrorHandling" name="test_malformed_json_request" time="0.000"><skipped type="pytest.skip" message="Integration tests disabled, set ENABLE_DB_TESTS=1 to enable">/home/user/projects/football-predict-system/tests/integration/test_api_routes_simple.py:163: Integration tests disabled, set ENABLE_DB_TESTS=1 to enable</skipped></testcase><testcase classname="tests.integration.test_api_routes_simple.TestAPIErrorHandling" name="test_unsupported_method" time="0.000"><skipped type="pytest.skip" message="Integration tests disabled, set ENABLE_DB_TESTS=1 to enable">/home/user/projects/football-predict-system/tests/integration/test_api_routes_simple.py:175: Integration tests disabled, set ENABLE_DB_TESTS=1 to enable</skipped></testcase><testcase classname="tests.integration.test_api_routes_simple.TestAPIErrorHandling" name="test_large_request_body" time="0.000"><skipped type="pytest.skip" message="Integration tests disabled, set ENABLE_DB_TESTS=1 to enable">/home/user/projects/football-predict-system/tests/integration/test_api_routes_simple.py:182: Integration tests disabled, set ENABLE_DB_TESTS=1 to enable</skipped></testcase><testcase classname="tests.unit.apps.api.test_routers_comprehensive.TestAPIMiddleware" name="test_request_validation_middleware" time="0.024" /><testcase classname="tests.unit.apps.api.test_routers_comprehensive.TestPredictionsRouter" name="test_predictions_router_import" time="0.025" /><testcase classname="tests.unit.trainer.test_fit_xgb_simple.TestXGBoostTrainerSimple" name="test_train_xgboost_model_default_config" time="0.616" /><testcase classname="tests.unit.data_pipeline.test_sources_simple.TestOddsFetcher" name="test_import_odds_fetcher" time="0.136"><skipped type="pytest.skip" message="OddsFetcher module not available">/home/user/projects/football-predict-system/tests/unit/data_pipeline/test_sources_simple.py:22: OddsFetcher module not available</skipped></testcase><testcase classname="tests.unit.data_pipeline.test_sources_simple.TestOddsFetcher" name="test_odds_fetcher_basic_functionality" time="0.001"><skipped type="pytest.skip" message="OddsFetcher module not available">/home/user/projects/football-predict-system/tests/unit/data_pipeline/test_sources_simple.py:48: OddsFetcher module not available</skipped></testcase></testsuite></testsuites>